Removed Pin From Net: NetName=5V Pin=U15-2
Removed Pin From Net: NetName=5V Pin=U15-4
Removed Pin From Net: NetName=GND Pin=U15-6
Removed Pin From Net: NetName=GND Pin=U15-9
Removed Pin From Net: NetName=GND Pin=U15-14
Removed Pin From Net: NetName=GND Pin=U15-20
Removed Pin From Net: NetName=GND Pin=U15-25
Removed Pin From Net: NetName=GND Pin=U15-30
Removed Pin From Net: NetName=GND Pin=U15-34
Removed Pin From Net: NetName=GND Pin=U15-39
Removed Member From Class: ClassName=R_pi_LG Member=U15
Added Pin To Net: NetName=5V Pin=J11-2
Added Pin To Net: NetName=5V Pin=J11-4
Added Pin To Net: NetName=GND Pin=J11-6
Added Pin To Net: NetName=GND Pin=J11-9
Added Pin To Net: NetName=GND Pin=J11-14
Added Pin To Net: NetName=GND Pin=J11-20
Added Pin To Net: NetName=GND Pin=J11-25
Added Pin To Net: NetName=GND Pin=J11-30
Added Pin To Net: NetName=GND Pin=J11-34
Added Pin To Net: NetName=GND Pin=J11-39
Added Pin To Net: NetName=NetJ11_8 Pin=J11-8
Added Pin To Net: NetName=NetJ11_8 Pin=U1-14
Added Net: Name=NetJ11_8
Added Pin To Net: NetName=NetJ11_10 Pin=J11-10
Added Pin To Net: NetName=NetJ11_10 Pin=U1-13
Added Net: Name=NetJ11_10
