Change Physical Footprint: Designator= Old Footprint=SOT23 New Footprint=SOT23
Change Physical Footprint: Designator=C1 Old Footprint=C0603 New Footprint=C0603
Change Physical Footprint: Designator=C2 Old Footprint=C0603 New Footprint=C0603
Change Physical Footprint: Designator=C3 Old Footprint=C0603 New Footprint=C0603
Change Physical Footprint: Designator=C4 Old Footprint=C0603 New Footprint=C0603
Change Physical Footprint: Designator=C5 Old Footprint=C0603 New Footprint=C0603
Change Physical Footprint: Designator=C6 Old Footprint=C0603 New Footprint=C0603
Change Physical Footprint: Designator=C7 Old Footprint=C0805 New Footprint=C0805
Change Physical Footprint: Designator=C8 Old Footprint=C0805 New Footprint=C0805
Change Physical Footprint: Designator=C9 Old Footprint=C0805 New Footprint=C0805
Change Physical Footprint: Designator=C10 Old Footprint=C0805 New Footprint=C0805
Change Physical Footprint: Designator=C11 Old Footprint=C0805 New Footprint=C0805
Change Physical Footprint: Designator=C12 Old Footprint=C0805 New Footprint=C0805
Change Physical Footprint: Designator=C13 Old Footprint=C0603 New Footprint=C0603
Change Physical Footprint: Designator=C14 Old Footprint=C0805 New Footprint=C0805
Change Physical Footprint: Designator=C15 Old Footprint=C0805 New Footprint=C0805
Change Physical Footprint: Designator=C16 Old Footprint=C0805 New Footprint=C0805
Change Physical Footprint: Designator=C17 Old Footprint=C0805 New Footprint=C0805
Change Physical Footprint: Designator=C18 Old Footprint=C0603 New Footprint=C0603
Change Physical Footprint: Designator=C19 Old Footprint=C0603 New Footprint=C0603
Change Physical Footprint: Designator=C20 Old Footprint=C0805 New Footprint=C0805
Change Physical Footprint: Designator=C21 Old Footprint=C0603 New Footprint=C0603
Change Physical Footprint: Designator=C22 Old Footprint=C0805 New Footprint=C0805
Change Physical Footprint: Designator=C23 Old Footprint=C0805 New Footprint=C0805
Change Physical Footprint: Designator=C24 Old Footprint=C0805 New Footprint=C0805
Change Physical Footprint: Designator=C25 Old Footprint=C0805 New Footprint=C0805
Change Physical Footprint: Designator=C26 Old Footprint=C0603 New Footprint=C0603
Change Physical Footprint: Designator=C27 Old Footprint=C0603 New Footprint=C0603
Change Physical Footprint: Designator=C28 Old Footprint=C0603 New Footprint=C0603
Change Physical Footprint: Designator=C29 Old Footprint=C0603 New Footprint=C0603
Change Physical Footprint: Designator=C30 Old Footprint=C0603 New Footprint=C0603
Change Physical Footprint: Designator=C31 Old Footprint=C0603 New Footprint=C0603
Change Physical Footprint: Designator=C32 Old Footprint=C0603 New Footprint=C0603
Change Physical Footprint: Designator=C33 Old Footprint=C0603 New Footprint=C0603
Change Physical Footprint: Designator=C34 Old Footprint=C0603 New Footprint=C0603
Change Physical Footprint: Designator=C35 Old Footprint=C0603 New Footprint=C0603
Change Physical Footprint: Designator=C36 Old Footprint=C0603 New Footprint=C0603
Change Physical Footprint: Designator=C37 Old Footprint=C0603 New Footprint=C0603
Change Physical Footprint: Designator=C38 Old Footprint=CAPPM7344X430N New Footprint=CAPPM7344X430N
Change Physical Footprint: Designator=C39 Old Footprint=C0603 New Footprint=C0603
Change Physical Footprint: Designator=C40 Old Footprint=C0603 New Footprint=C0603
Change Physical Footprint: Designator=C41 Old Footprint=C0603 New Footprint=C0603
Change Physical Footprint: Designator=C42 Old Footprint=C0402 New Footprint=C0402
Change Physical Footprint: Designator=C43 Old Footprint=C0402 New Footprint=C0402
Change Physical Footprint: Designator=D1 Old Footprint=0603D-B New Footprint=0603D-B
Change Physical Footprint: Designator=D2 Old Footprint=0603D-B New Footprint=0603D-B
Change Physical Footprint: Designator=D3 Old Footprint=0603D-B New Footprint=0603D-B
Change Physical Footprint: Designator=D4 Old Footprint=0603D-B New Footprint=0603D-B
Change Physical Footprint: Designator=D5 Old Footprint=SODFL3818X130N New Footprint=SODFL3818X130N
Change Physical Footprint: Designator=D6 Old Footprint=SODFL3818X130N New Footprint=SODFL3818X130N
Change Physical Footprint: Designator=D7 Old Footprint=SOT95P240X100-3N New Footprint=SOT95P240X100-3N
Change Physical Footprint: Designator=D8 Old Footprint=0603D-B New Footprint=0603D-B
Change Physical Footprint: Designator=D9 Old Footprint=0603D-B New Footprint=0603D-B
Change Physical Footprint: Designator=D10 Old Footprint=SODFL3818X130N New Footprint=SODFL3818X130N
Change Physical Footprint: Designator=D11 Old Footprint=SOT95P240X100-3N New Footprint=SOT95P240X100-3N
Change Physical Footprint: Designator=D12 Old Footprint=0603D-B New Footprint=0603D-B
Change Physical Footprint: Designator=D13 Old Footprint=SOT95P240X100-3N New Footprint=SOT95P240X100-3N
Change Physical Footprint: Designator=D14 Old Footprint=SODFL3818X130N New Footprint=SODFL3818X130N
Change Physical Footprint: Designator=D15 Old Footprint=SOT95P240X100-3N New Footprint=SOT95P240X100-3N
Change Physical Footprint: Designator=D16 Old Footprint=0603D-B New Footprint=0603D-B
Change Physical Footprint: Designator=J1 Old Footprint=PHOENIX_1711725 New Footprint=PHOENIX_1711725
Change Physical Footprint: Designator=J2 Old Footprint=GCT_USB4135-GF-A_REVA New Footprint=GCT_USB4135-GF-A_REVA
Change Physical Footprint: Designator=J3 Old Footprint=SAMTEC_MTSW-106-07-L-S-170 New Footprint=SAMTEC_MTSW-106-07-L-S-170
Change Physical Footprint: Designator=J4 Old Footprint=532617002 New Footprint=532617002
Change Physical Footprint: Designator=J5 Old Footprint=SAMTEC_HTSW-101-24-LM-S New Footprint=SAMTEC_HTSW-101-24-LM-S
Change Physical Footprint: Designator=J6 Old Footprint=CUI_NSIM-2-C New Footprint=CUI_NSIM-2-C
Change Physical Footprint: Designator=J7 Old Footprint=1711738 New Footprint=1711738
Change Physical Footprint: Designator=J8 Old Footprint=1711738 New Footprint=1711738
Change Physical Footprint: Designator=J9 Old Footprint=1711738 New Footprint=1711738
Change Physical Footprint: Designator=J10 Old Footprint=1711738 New Footprint=1711738
Change Physical Footprint: Designator=J11 Old Footprint=pi_header New Footprint=pi_header
Change Physical Footprint: Designator=L1 Old Footprint=4.0 mm × 4.0 mm New Footprint=4.0 mm × 4.0 mm
Change Physical Footprint: Designator=L2 Old Footprint=4.0 mm × 4.0 mm New Footprint=4.0 mm × 4.0 mm
Change Physical Footprint: Designator=L3 Old Footprint=4.0 mm × 4.0 mm New Footprint=4.0 mm × 4.0 mm
Change Physical Footprint: Designator=Q1 Old Footprint=SOT95P237X112-3N New Footprint=SOT95P237X112-3N
Change Physical Footprint: Designator=Q2 Old Footprint=SOT95P237X112-3N New Footprint=SOT95P237X112-3N
Change Physical Footprint: Designator=Q3 Old Footprint=SOT23 New Footprint=SOT23
Change Physical Footprint: Designator=Q4 Old Footprint=SOT95P237X112-3N New Footprint=SOT95P237X112-3N
Change Physical Footprint: Designator=R1 Old Footprint=R0603 New Footprint=R0603
Change Physical Footprint: Designator=R2 Old Footprint=R0603 New Footprint=R0603
Change Physical Footprint: Designator=R3 Old Footprint=R0603 New Footprint=R0603
Change Physical Footprint: Designator=R4 Old Footprint=R0603 New Footprint=R0603
Change Physical Footprint: Designator=R5 Old Footprint=R0603 New Footprint=R0603
Change Physical Footprint: Designator=R6 Old Footprint=R0603 New Footprint=R0603
Change Physical Footprint: Designator=R7 Old Footprint=R0603 New Footprint=R0603
Change Physical Footprint: Designator=R8 Old Footprint=R0603 New Footprint=R0603
Change Physical Footprint: Designator=R9 Old Footprint=R0603 New Footprint=R0603
Change Physical Footprint: Designator=R10 Old Footprint=R0603 New Footprint=R0603
Change Physical Footprint: Designator=R11 Old Footprint=R0603 New Footprint=R0603
Change Physical Footprint: Designator=R12 Old Footprint=R0603 New Footprint=R0603
Change Physical Footprint: Designator=R13 Old Footprint=R0805 New Footprint=R0805
Change Physical Footprint: Designator=R14 Old Footprint=R0603 New Footprint=R0603
Change Physical Footprint: Designator=R15 Old Footprint=R0603 New Footprint=R0603
Change Physical Footprint: Designator=R16 Old Footprint=R0603 New Footprint=R0603
Change Physical Footprint: Designator=R17 Old Footprint=R0603 New Footprint=R0603
Change Physical Footprint: Designator=R18 Old Footprint=R0603 New Footprint=R0603
Change Physical Footprint: Designator=R19 Old Footprint=R0603 New Footprint=R0603
Change Physical Footprint: Designator=R20 Old Footprint=R0603 New Footprint=R0603
Change Physical Footprint: Designator=R21 Old Footprint=R0603 New Footprint=R0603
Change Physical Footprint: Designator=R22 Old Footprint=R0603 New Footprint=R0603
Change Physical Footprint: Designator=R23 Old Footprint=R0603 New Footprint=R0603
Change Physical Footprint: Designator=R24 Old Footprint=R0603 New Footprint=R0603
Change Physical Footprint: Designator=R25 Old Footprint=R0603 New Footprint=R0603
Change Physical Footprint: Designator=R26 Old Footprint=R0603 New Footprint=R0603
Change Physical Footprint: Designator=R27 Old Footprint=R0603 New Footprint=R0603
Change Physical Footprint: Designator=R28 Old Footprint=R0603 New Footprint=R0603
Change Physical Footprint: Designator=R29 Old Footprint=R0603 New Footprint=R0603
Change Physical Footprint: Designator=R30 Old Footprint=R0603 New Footprint=R0603
Change Physical Footprint: Designator=R31 Old Footprint=R0603 New Footprint=R0603
Change Physical Footprint: Designator=R32 Old Footprint=R0603 New Footprint=R0603
Change Physical Footprint: Designator=R33 Old Footprint=R0402 New Footprint=R0402
Change Physical Footprint: Designator=R34 Old Footprint=R0402 New Footprint=R0402
Change Physical Footprint: Designator=R35 Old Footprint=R0402 New Footprint=R0402
Change Physical Footprint: Designator=R36 Old Footprint=R0402 New Footprint=R0402
Change Physical Footprint: Designator=R37 Old Footprint=R0805 New Footprint=R0805
Change Physical Footprint: Designator=R38 Old Footprint=R0805 New Footprint=R0805
Change Physical Footprint: Designator=R39 Old Footprint=R0805 New Footprint=R0805
Change Physical Footprint: Designator=R40 Old Footprint=R0805 New Footprint=R0805
Change Physical Footprint: Designator=R41 Old Footprint=R0805 New Footprint=R0805
Change Physical Footprint: Designator=R42 Old Footprint=R0603 New Footprint=R0603
Change Physical Footprint: Designator=R43 Old Footprint=R0805 New Footprint=R0805
Change Physical Footprint: Designator=R44 Old Footprint=R0805 New Footprint=R0805
Change Physical Footprint: Designator=R45 Old Footprint=R0805 New Footprint=R0805
Change Physical Footprint: Designator=R46 Old Footprint=R0805 New Footprint=R0805
Change Physical Footprint: Designator=R47 Old Footprint=R0805 New Footprint=R0805
Change Physical Footprint: Designator=R48 Old Footprint=R0805 New Footprint=R0805
Change Physical Footprint: Designator=R49 Old Footprint=R0805 New Footprint=R0805
Change Physical Footprint: Designator=RL1 Old Footprint=SRD-05VDC-SL-C New Footprint=SRD-05VDC-SL-C
Change Physical Footprint: Designator=RL2 Old Footprint=SRD-05VDC-SL-C New Footprint=SRD-05VDC-SL-C
Change Physical Footprint: Designator=RL3 Old Footprint=SRD-05VDC-SL-C New Footprint=SRD-05VDC-SL-C
Change Physical Footprint: Designator=RL4 Old Footprint=SRD-05VDC-SL-C New Footprint=SRD-05VDC-SL-C
Change Physical Footprint: Designator=SW1 Old Footprint=5.2 mm × 5.2 mm SW New Footprint=5.2 mm × 5.2 mm SW
Change Physical Footprint: Designator=SW2 Old Footprint=5.2 mm × 5.2 mm SW New Footprint=5.2 mm × 5.2 mm SW
Change Physical Footprint: Designator=U1 Old Footprint=ESP32S3WROOM1N8R2 New Footprint=ESP32S3WROOM1N8R2
Change Physical Footprint: Designator=U2 Old Footprint=SOP127P600X165-9N New Footprint=SOP127P600X165-9N
Change Physical Footprint: Designator=U3 Old Footprint=SOT95P280X145-5N New Footprint=SOT95P280X145-5N
Change Physical Footprint: Designator=U4 Old Footprint=TSOT-23_S5 New Footprint=TSOT-23_S5
Change Physical Footprint: Designator=U5 Old Footprint=SOT95P280X145-5N New Footprint=SOT95P280X145-5N
Change Physical Footprint: Designator=U6 Old Footprint=TSOT-23_S5 New Footprint=TSOT-23_S5
Change Physical Footprint: Designator=U7 Old Footprint=SOT95P237X112-3N New Footprint=SOT95P237X112-3N
Change Physical Footprint: Designator=U8 Old Footprint=PSON65P250X250X100-8N New Footprint=PSON65P250X250X100-8N
Change Physical Footprint: Designator=U9 Old Footprint=LCC-8_L5.0-W5.0-P1.27-BL New Footprint=LCC-8_L5.0-W5.0-P1.27-BL
Change Physical Footprint: Designator=U10 Old Footprint=LCC-8_L5.0-W5.0-P1.27-BL New Footprint=LCC-8_L5.0-W5.0-P1.27-BL
Change Physical Footprint: Designator=U11 Old Footprint=SENSORS-SMD_GM-402B New Footprint=SENSORS-SMD_GM-402B
Change Physical Footprint: Designator=U12 Old Footprint=MODULE_RA-01s_LORA New Footprint=MODULE_RA-01s_LORA
Change Physical Footprint: Designator=U13 Old Footprint=SMD New Footprint=SMD
Change Physical Footprint: Designator=U14 Old Footprint=SOT363 New Footprint=SOT363
