Change Component Designator: Old Designator=C36 New Designator=C38
Change Component Designator: Old Designator=C37 New Designator=C39
Change Component Designator: Old Designator=C38 New Designator=C40
Change Component Designator: Old Designator=C39 New Designator=C41
Change Component Designator: Old Designator=C40 New Designator=C42
Change Component Designator: Old Designator=C41 New Designator=C43
Change Component Designator: Old Designator=D1 New Designator=D2
Change Component Designator: Old Designator=D2 New Designator=D3
Change Component Designator: Old Designator=J2 New Designator=J5
Change Component Designator: Old Designator=J3 New Designator=J6
Change Component Designator: Old Designator=Q1 New Designator=Q3
Change Component Designator: Old Designator=Q2 New Designator=Q4
Change Component Designator: Old Designator=Q3 New Designator=Q5
Change Component Designator: Old Designator=R18 New Designator=R25
Change Component Designator: Old Designator=R19 New Designator=R26
Change Component Designator: Old Designator=R20 New Designator=R27
Change Component Designator: Old Designator=R21 New Designator=R28
Change Component Designator: Old Designator=R22 New Designator=R29
Change Component Designator: Old Designator=R23 New Designator=R30
Change Component Designator: Old Designator=R24 New Designator=R31
Change Component Designator: Old Designator=R25 New Designator=R32
Change Component Designator: Old Designator=R26 New Designator=R33
Change Component Designator: Old Designator=R27 New Designator=R34
Change Component Designator: Old Designator=R28 New Designator=R35
Change Component Designator: Old Designator=R29 New Designator=R36
